िवराज